Connected to MySQL successfully
Detected 68 columns in FAMILY table
Using latitude column: LATITUDE
Using longitude column: LONGITUDE
[GIN-debug] [WARNING] Running in "debug" mode. Switch to "release" mode in production.
 - using env:	export GIN_MODE=release
 - using code:	gin.SetMode(gin.ReleaseMode)

[GIN-debug] GET    /ping                     --> main.main.func4 (5 handlers)
[GIN-debug] GET    /houses                   --> DT-backend/handlers.(*HouseHandler).GetHouses-fm (5 handlers)
[GIN-debug] GET    /house/:id                --> DT-backend/handlers.(*HouseHandler).GetHouseByID-fm (5 handlers)
[GIN-debug] GET    /location-options         --> DT-backend/handlers.(*LocationHandler).GetLocationOptions-fm (5 handlers)
[GIN-debug] POST   /pdf/report               --> DT-backend/handlers.(*PDFHandler).GeneratePDF-fm (5 handlers)
[GIN-debug] GET    /insights/governance      --> DT-backend/handlers.(*InsightHandler).GetGovernanceInsights-fm (5 handlers)
[GIN-debug] GET    /insights/agriculture     --> DT-backend/handlers.(*InsightHandler).GetAgricultureInsights-fm (5 handlers)
[GIN-debug] GET    /insights/welfare         --> DT-backend/handlers.(*InsightHandler).GetWelfareInsights-fm (5 handlers)
[GIN-debug] GET    /population/dashboard     --> DT-backend/handlers.(*PopulationHandler).GetPopulationDashboard-fm (5 handlers)
[GIN-debug] GET    /population/demographics  --> DT-backend/handlers.(*PopulationHandler).GetPopulationDemographics-fm (5 handlers)
[GIN-debug] GET    /population/education     --> DT-backend/handlers.(*PopulationHandler).GetPopulationEducation-fm (5 handlers)
[GIN-debug] GET    /population/employment    --> DT-backend/handlers.(*PopulationHandler).GetPopulationEmployment-fm (5 handlers)
[GIN-debug] GET    /population/map-summary   --> DT-backend/handlers.(*PopulationHandler).GetPopulationMapSummary-fm (5 handlers)
[GIN-debug] GET    /population/map-data      --> DT-backend/handlers.(*PopulationHandler).GetPopulationMapData-fm (5 handlers)
[GIN-debug] GET    /population/map-insights  --> DT-backend/handlers.(*PopulationHandler).GetPopulationMapInsights-fm (5 handlers)
[GIN-debug] GET    /crops                    --> DT-backend/handlers.(*CropHandler).GetCrops-fm (5 handlers)
[GIN-debug] GET    /land                     --> DT-backend/handlers.(*LandHandler).GetLand-fm (5 handlers)
[GIN-debug] GET    /irrigation               --> DT-backend/handlers.(*IrrigationHandler).GetIrrigation-fm (5 handlers)
[GIN-debug] GET    /farmers                  --> DT-backend/handlers.(*FarmerHandler).GetFarmers-fm (5 handlers)
[GIN-debug] GET    /soil                     --> DT-backend/handlers.GetSoil (5 handlers)
[GIN-debug] GET    /schemes                  --> DT-backend/handlers.GetSchemes (5 handlers)
[GIN-debug] GET    /market                   --> DT-backend/handlers.GetMarket (5 handlers)
[GIN-debug] [WARNING] You trusted all proxies, this is NOT safe. We recommend you to set a value.
Please check https://github.com/gin-gonic/gin/blob/master/docs/doc.md#dont-trust-all-proxies for details.
[GIN-debug] Listening and serving HTTP on :8081
